
SQL*Plus: Release 21.0.0.0.0 - Production on Sun Sep 21 19:39:44 2025
Version 21.3.0.0.0

Copyright (c) 1982, 2021, Oracle.  All rights reserved.

Enter user-name: system
Enter password:
Last Successful login time: Sun Sep 21 2025 17:54:53 +05:30

Connected to:
Oracle Database 21c Express Edition Release 21.0.0.0.0 - Production
Version 21.3.0.0.0

SQL> create table product(pid int,pname varchar(20),price int,qty int);
create table product(pid int,pname varchar(20),price int,qty int)
             *
ERROR at line 1:
ORA-00955: name is already used by an existing object


SQL> create table product1(pid int,pname varchar(20),price int,qty int);

Table created.

SQL> insert into product1 values(101,'mobile',1600,2),
  2  (102,'laptop',78000,1),
  3  (103,'desktop',7800,3);
insert into product1 values(101,'mobile',1600,2),
                                                *

ORA-00933: SQL command not properly ended


SQL> insert into product1 values(101,'mobile',1600,2);

1 row created.

SQL> insert into product1 values(103,'desktop',7800,3);

1 row created.

SQL> insert into product1 values(102,'laptop',78000,1);

1 row created.

SQL> COMMIT;

Commit complete.

SQL> @^XSP2-0025: Invalid change string.urosr1.sql
SQL> set serveroutput on
SQL> ;
  1* COMMIT
SQL> COMMIT;

Commit complete.

SQL> set serveroutput on;
SQL>  @C:\Users\abhij\OneDrive\Videos\curosr1.sql
Enter value for pid: 101
old   7: pid:=&pid;
new   7: pid:=101;
declare
*
ERROR at line 1:
ORA-01422: exact fetch returns more than requested number of rows
ORA-06512: at line 8


SQL>  @C:\Users\abhij\OneDrive\Videos\curosr1.sql
Enter value for pid: 102
old   7: pid:=&pid;
new   7: pid:=102;
pid:=102;
*
ERROR at line 7:
ORA-06550: line 7, column 1:
PLS-00201: identifier 'PID' must be declared
ORA-06550: line 7, column 1:
PL/SQL: Statement ignored
ORA-06550: line 8, column 35:
PLS-00201: identifier 'PID' must be declared
ORA-06550: line 8, column 55:
PL/SQL: ORA-00904: : invalid identifier
ORA-06550: line 8, column 1:
PL/SQL: SQL Statement ignored
ORA-06550: line 10, column 22:
PLS-00201: identifier 'PID' must be declared
ORA-06550: line 10, column 1:
PL/SQL: Statement ignored


SQL>  @C:\Users\abhij\OneDrive\Videos\curosr1.sql
Enter value for pid: 102
old   7: p_id:=&pid;
new   7: p_id:=102;
select p_id,p_name,price,qty into pid,pname,price,qty from product1 where pid=pid;
                                  *
ERROR at line 8:
ORA-06550: line 8, column 35:
PLS-00201: identifier 'PID' must be declared
ORA-06550: line 8, column 55:
PL/SQL: ORA-00904: : invalid identifier
ORA-06550: line 8, column 1:
PL/SQL: SQL Statement ignored


SQL>  @C:\Users\abhij\OneDrive\Videos\curosr1.sql
Enter value for pid: 102
old   7: p_id:=&pid;
new   7: p_id:=102;
select p_id,p_name,price,qty into pid,pname,price,qty from product1 where p_id=pid;
                                  *
ERROR at line 8:
ORA-06550: line 8, column 35:
PLS-00201: identifier 'PID' must be declared
ORA-06550: line 8, column 55:
PL/SQL: ORA-00904: : invalid identifier
ORA-06550: line 8, column 1:
PL/SQL: SQL Statement ignored


SQL>  @C:\Users\abhij\OneDrive\Videos\curosr1.sql
Enter value for pid: 102
old   7: p_id:=&pid;
new   7: p_id:=102;
102780001

PL/SQL procedure successfully completed.

SQL> 103
SP2-0226: Invalid line number
SQL>  @C:\Users\abhij\OneDrive\Videos\curosr1.sql
Enter value for pid: 103
old   7: p_id:=&pid;
new   7: p_id:=103;
10378003

PL/SQL procedure successfully completed.

SQL>  @C:\Users\abhij\OneDrive\Videos\curosr1.sql
Enter value for pid: 101
old   7: p_id:=&pid;
new   7: p_id:=101;
10116002

PL/SQL procedure successfully completed.

SQL>  @C:\Users\abhij\OneDrive\Videos\curosr2.sql
SP2-0310: unable to open file "C:\Users\abhij\OneDrive\Videos\curosr2.sql"
SQL>  @C:\Users\abhij\OneDrive\Videos\cursor2.sql
dbms_output.put_line(p_id,P_name,||pr||qty);
                                 *
ERROR at line 12:
ORA-06550: line 12, column 34:
PLS-00103: Encountered the symbol "|" when expecting one of the following:
( - + case for mod new not null <an identifier>
<a double-quoted delimited-identifier> <a bind variable>
continue avg count current exists max min prior sql stddev
sum variance execute forall merge standard time timestamp
interval date
<a string literal with character set specification>
<a number> <a single-quoted SQL string> pipe
<an alternatively-quoted string literal with character set specification>
<


SQL>  @C:\Users\abhij\OneDrive\Videos\cursor2.sql
101mobile16002
103desktop78003
102laptop780001

PL/SQL procedure successfully completed.
